---
source: tests/snapshot_tests.rs
expression: output
---
// FR3.3: Test private field syntax with # prefix

class PrivateFieldsClass {
    static staticBanana = 'static public banana';
    static staticCherry = 'static public cherry';

    static #staticApple = 100;
    static #staticZebra = 'static private zebra';

    static staticAlphaMethod() {
        return this.staticCherry;
    }
    static staticBetaMethod() {
        return this.staticBanana;
    }

    static #staticAlphaMethod() {
        return this.#staticApple;
    }
    static #staticZeroMethod() {
        return this.#staticZebra;
    }

    public cherry = 'public cherry';
    durian = 'durian';
    elderberry: string;

    #apple = 42;
    #banana = {
        type: 'fruit'
    };
    #zebra = 'private zebra';

    constructor(){
        this.elderberry = 'initialized';
    }

    alphaMethod() {
        return this.durian;
    }
    betaMethod() {
        return this.#banana;
    }

    #alphaMethod() {
        return this.#apple;
    }
    #zeroMethod() {
        return this.#zebra;
    }
}
