---
source: tests/snapshot_tests.rs
expression: output
---
// FR2.1: Exported members should be detected and prioritized

// Named exports
const a = 1;
const b = 2;

export { a, b };

// Exported function
export function publicApi() {
    return privateHelper() + ' api';
}

// Non-exported class
class PrivateClass {
    value = 1;
}

// Exported class
export class PublicClass {
    instance = new PrivateClass();
}

// Exported interface
export interface PublicInterface extends PrivateInterface {
    name: string;
}

// Exported type
export type PublicType = PrivateType | boolean;

// Non-exported function
function privateHelper() {
    return 'private';
}

// Non-exported interface
interface PrivateInterface {
    id: number;
}

// Non-exported type
type PrivateType = number | string;
