---
source: tests/snapshot_tests.rs
expression: output
---
// FR3.3: Test all 9 visibility groups in proper order

class CompleteClass {
    static aStatic = 'a';
    static zStatic = 'z';

    static #aPrivateStaticField = 'a';
    static #zPrivateStaticField = 'z';

    static aStaticMethod() {
        return 'a';
    }
    static zStaticMethod() {
        return 'z';
    }

    static #aPrivateStatic() {
        return 'a';
    }
    static #zPrivateStatic() {
        return 'z';
    }

    aField: string = 'a';
    zField: string = 'z';

    #aPrivateField = 'a';
    #zPrivateField = 'z';

    constructor(){
        this.aField = 'a';
        this.zField = 'z';
    }

    aMethod() {
        return this.aField;
    }
    zMethod() {
        return this.zField;
    }

    #aPrivateMethod() {
        return 'a';
    }
    #zPrivateMethod() {
        return 'z';
    }
}
