---
source: tests/snapshot_tests.rs
expression: output
---
// FR7.3: Class member group separation
// Should add empty lines between different member visibility groups
class CompleteExample {
    static defaultTimeout = 5000;
    static version = '1.0.0';

    static #instance: CompleteExample;
    static #secretKey = 'secret';

    static configure(options: any) {}
    static getInstance() {
        return new CompleteExample();
    }

    static #validateKey(key: string) {
        return key === this.#secretKey;
    }

    baseUrl: string;
    timeout: number;

    #authToken?: string;
    #retryCount = 0;

    constructor(baseUrl = '/api'){
        this.baseUrl = baseUrl;
        this.timeout = CompleteExample.defaultTimeout;
    }

    async get(endpoint: string) {
        return this.#request('GET', endpoint);
    }
    post(endpoint: string, data: any) {
        return this.#request('POST', endpoint, data);
    }

    #privateMethod() {
        return 'private';
    }

    async #request(method: string, endpoint: string, data?: any) {
        this.#retryCount++;
        return {
            data,
            endpoint,
            method
        };
    }
}
