---
source: tests/snapshot_tests.rs
expression: output
---
// FR3.2: Object literal properties should be sorted alphabetically
// Computed properties
const computed = {
    [dynamicKey]: 2,
    ['literal']: 4,
    apple: 3,
    banana: 5,
    zebra: 1
};
const config = {
    apple: 42,
    banana: "yellow",
    cat: null,
    dog: undefined,
    zebra: true
};
// Nested objects should also be sorted
const nested = {
    another: {
        first: false,
        last: true
    },
    outer: {
        apple: 2,
        middle: {
            bar: 'b',
            foo: 'c',
            zoo: 'a'
        },
        zebra: 1
    }
};
// Spread operators should be preserved
const withSpread = {
    ...defaults,
    ...overrides,
    apple: 2,
    banana: 3,
    cat: 4,
    zebra: 1
};
