---
source: tests/snapshot_tests.rs
expression: output
---
// FR2.3: Hoisting and temporal dead zone challenges

// Const temporal dead zone
export const earlyUse = computeValue();

// Mixed declarations
var hoistedVar = initialValue();

export const exportedConst = hoistedVar;

class MyClass {
    value = 42;
}

// Class hoisting (not hoisted, should fail if reordered incorrectly)
export const instance = new MyClass();

// Function hoisting - exported function uses hoisted function
export function publicApi() {
    return helperFunction();
}

const base = 10;

function computeValue() {
    return base * 2;
}
function helperFunction() {
    return 'helper';
}
function initialValue() {
    return 100;
}
