---
source: tests/snapshot_tests.rs
expression: output
---
import React from 'react';

// FR7.1: Module-level declaration separation
// Should add empty lines between different declaration types and visibility groups
import { helper } from './utils';

// Multiple constants should stay together
export const API_URL = '/api';

// Enums should be separated from types
export enum Color {
    Blue = 'blue',
    Red = 'red'
}

// Interfaces should be separated from classes
export interface Config {
    url: string;
    timeout: number;
}

// Classes should be separated from functions
export class DataService {
    fetch() {
        return fetchData();
    }
}

// Types should be separated from interfaces
export type Status = 'error' | 'idle' | 'loading';

export const TIMEOUT = 5000;

// Functions of same visibility should stay together  
export function fetchData() {
    return fetch(API_URL);
}
export function processData(data: unknown) {
    return transform(data);
}

const INTERNAL_CONSTANT = 100;

enum InternalColor {
    Green = 'green'
}

interface InternalConfig {
    debug: boolean;
}

class InternalService {
    process() {
        return 'internal';
    }
}

type InternalStatus = 'busy' | 'ready';

function internalHelper() {
    return INTERNAL_CONSTANT;
}
