---
source: tests/snapshot_tests.rs
expression: output
---
// FR6.4: Comment positioning - maintain correct positions relative to code
// Header comment at top of file
// Should stay at top even with reordering
import { x } from './x'; // Trailing comment on x

// Leading comment for y import
import { y } from './y';
import { z } from './z';
// Multiple floating comments
// in a row
// should be preserved
/*
 * Block floating comment
 */ // Leading for export
export const c = 3; // Final floating comment
// Floating comment 1
// Leading comment for const a
const a = 1; // Trailing on a
// Floating comment 2
const b = 2;
// Floating comment 3
// This comment belongs to function foo
// It has multiple lines
function foo() {
// Inside foo
}
// Gap before bar
// This belongs to bar
function bar() {} // Inline with bar
