---
source: tests/snapshot_tests.rs
expression: output
---
// FR2.1: Exported members should be detected and prioritized
// Non-exported function
// Non-exported class
class PrivateClass {
    value = 1;
}
// Non-exported interface
interface PrivateInterface {
    id: number;
}
// Non-exported type
type PrivateType = number | string;
function privateHelper() {
    return 'private';
}
// Exported class
export class PublicClass {
    instance = new PrivateClass();
}
// Exported interface
export interface PublicInterface extends PrivateInterface {
    name: string;
}
// Exported type
export type PublicType = PrivateType | boolean;
// Named exports
const a = 1;
const b = 2;
// Exported function
export function publicApi() {
    return privateHelper() + ' api';
}
export { a, b };
