---
source: tests/snapshot_tests.rs
expression: output
---
import { AxiosError, AxiosResponse } from 'axios';
import { debounce, throttle } from 'lodash';
// FR1.1: Named imports should be parsed and preserved
import { useState, useEffect } from 'react';

function useApi() {
    const [data, setData] = useState(null);
    return data;
}
