---
source: tests/snapshot_tests.rs
expression: output
---
// FR2.3: Complex dependency chains with mixed exports
// Chain 1: Constants building on each other
const ADJUSTED = RESULT + 5;
const BASE = 10;
const MULTIPLIER = 2;
// Chain 2: Function composition
function add(a: number, b: number) {
    return a + b;
}
// Chain 3: Object builders
const defaults = {
    color: 'blue',
    size: 10
};
const extended = {
    ...config,
    name: 'test'
};
function multiply(a: number, b: number) {
    return a * b;
}
const overrides = {
    size: 20
};
function validate(n: number) {
    return n > 0;
}
export const FINAL = ADJUSTED * 2;
export const RESULT = BASE * MULTIPLIER;
export function calculate(x: number) {
    return multiply(add(x, 5), 2);
}
export const config = {
    ...defaults,
    ...overrides
};
export const finalConfig = {
    ...extended,
    id: 1
};
export function safeCalculate(x: number) {
    return validate(x) ? calculate(x) : 0;
}
