---
source: tests/snapshot_tests.rs
expression: output
---
// FR2.4: Basic visibility grouping - exports at top, non-exports at bottom, alphabetized within groups
// Another export
export function anotherPublicApi() {
    return 'another api';
}

export interface ExternalInterface {
    name: string;
}

export const PUBLIC_CONSTANT = 200;

export function publicApi() {
    return 'api';
}

export class PublicClass {
    name = 'public';
}

export enum PublicEnum {
    ALPHA,
    BETA
}

export type PublicType = 'A' | 'B' | 'C';

// Another internal function
function anotherHelper() {
    return 'another';
}

const INTERNAL_CONSTANT = 100;

enum InternalEnum {
    ONE,
    TWO
}

// Mixed order of exports and non-exports
function internalHelper() {
    return 'helper';
}

interface InternalInterface {
    id: number;
}

class PrivateClass {
    value = 42;
}

type PrivateType = number | string;
