---
source: tests/snapshot_tests.rs
expression: output
---
// FR2.3: Dependencies must be preserved when reordering
// This tests RUNTIME dependencies that must maintain order
// Base values that exported values depend on (runtime dependency)
const API_VERSION = 'v1';
const BASE_URL = 'https://api.example.com';
// Base class (can be reordered due to hoisting)
class BaseHandler {
    protected name = 'base';
}
// Arrow function dependency (must appear after config)
const config = {
    timeout: 5000
};
// Function expression dependency
const multiply = (a: number, b: number)=>a * b;
// Object property access dependency
const settings = {
    debug: true
};
// Complex dependency chain with variables (runtime dependencies)
const step1 = 1;
const step2 = step1 + 1;
const step4 = step3 + 1;
// Exported value that depends on non-exported values
export const API_ENDPOINT = `${BASE_URL}/${API_VERSION}`;
// Exported class that extends base
export class ApiHandler extends BaseHandler {
    handle() {
        return this.name;
    }
}
export const double = (n: number)=>multiply(n, 2);
export const fetchData = async ()=>{
    return fetch('/api', {
        timeout: config.timeout
    });
};
export const isDebugMode = settings.debug;
// Exported function that depends on helper
export function processInput(input: string): string {
    if (!validateInput(input)) {
        throw new Error('Invalid input');
    }
    return input.toUpperCase();
}
export const step3 = step2 + 1;
export const step5 = step4 + 1;
// Helper function used by exported function (function hoisting allows reordering)
function validateInput(input: string): boolean {
    return input.length > 0;
}
