---
source: tests/snapshot_tests.rs
expression: output
---
// FR6.6: Complex comment scenarios with multiple types
/**
 * Main application configuration
 * 
 * This file contains all the configuration needed
 * for the application to run properly.
 */ // Import section
import { z } from 'zod'; // Schema validation

import type { Config } from './types'; // Type definitions

/* Configuration schema */ const schema = z.object({
    apiKey: z.string(),
    // Required fields
    apiUrl: z.string(),
    retries: z.number().optional() // Retry count
    ,
    // Optional settings
    timeout: z.number().optional()
});
// Default configuration
export const defaultConfig = {
    apiKey: process.env.API_KEY || '',
    apiUrl: 'https://api.example.com',
    retries: 3 // Three attempts
    ,
    timeout: 5000
}; // End of default config
/**
 * Validates configuration
 * @param config - The config object to validate
 * @returns Validated configuration
 */ export function validateConfig(config: unknown): Config {
    // Parse and validate
    return schema.parse(config); // Throws on error
}
