---
source: tests/snapshot_tests.rs
expression: output
---
// FR3.3: Class members should be sorted within visibility groups
class MyClass {
    static bar = 'bar';
    static foo = 'foo';
    // Public static fields (should be first, alphabetically)
    static zoo = 'zoo';
    static #privateBar = 'pbar';
    static #privateFoo = 'pfoo';
    // Private static fields (should be second, alphabetically)
    static #privateZoo = 'pzoo';
    static aStatic() {
        return 'a';
    }
    static bStatic() {
        return 'b';
    }
    // Public static methods (should be third, alphabetically)
    static zStatic() {
        return 'z';
    }
    static #privateAStatic() {
        return 'pa';
    }
    static #privateBStatic() {
        return 'pb';
    }
    // Private static methods (should be fourth, alphabetically)
    static #privateZStatic() {
        return 'pz';
    }
    apple: number;
    banana: boolean;
    // Public instance fields (should be fifth, alphabetically)
    zebra: string;
    #privateApple = 1;
    #privateBanana = true;
    // Private instance fields (should be sixth, alphabetically)
    #privateZebra = 'pz';
    // Constructor should be seventh
    constructor(){
        this.apple = 1;
        this.banana = true;
        this.zebra = 'z';
    }
    aMethod() {
        return this.apple;
    }
    bMethod() {
        return this.banana;
    }
    // Public instance methods (should be eighth, alphabetically)
    zMethod() {
        return this.zebra;
    }
    #privateAMethod() {
        return this.#privateApple;
    }
    #privateBMethod() {
        return this.#privateBanana;
    }
    // Private instance methods (should be ninth, alphabetically)
    #privateZMethod() {
        return this.#privateZebra;
    }
}
