---
source: tests/snapshot_tests.rs
expression: output
---
// FR2.3: Dependencies must be preserved when reordering
// Base values that exported values depend on
const API_VERSION = 'v1';
const BASE_URL = 'https://api.example.com';
// Base class
class BaseHandler {
    protected name = 'base';
}
// Complex dependency chain
const step1 = 1;
const step2 = step1 + 1;
const step4 = step3 + 1;
// Helper function used by exported function
function validateInput(input: string): boolean {
    return input.length > 0;
}
// Exported value that depends on non-exported values
export const API_ENDPOINT = `${BASE_URL}/${API_VERSION}`;
// Exported class that extends base
export class ApiHandler extends BaseHandler {
    handle() {
        return this.name;
    }
}
// Exported function that depends on helper
export function processInput(input: string): string {
    if (!validateInput(input)) {
        throw new Error('Invalid input');
    }
    return input.toUpperCase();
}
export const step3 = step2 + 1;
export const step5 = step4 + 1;
