---
source: tests/snapshot_tests.rs
expression: output
---
// FR2.1: Complex export detection patterns
// Re-exports
// Interface exports
interface InternalInterface {
    x: number;
}
// Type exports
type InternalType = string;
// Const assertions with exports
const VALUES = [
    'a',
    'b',
    'c'
] as const;
export interface ExportedInterface extends InternalInterface {
    y: number;
}
export type ExportedType = InternalType;
export type Value = typeof VALUES[number];
export const external = 'external';
// Export list at bottom
const item1 = 'one';
const item2 = 'two';
// Namespace exports
namespace InternalNS {
    export const value = 42;
}
export namespace ExportedNS {
    export const value = InternalNS.value;
}
// Mixed export patterns
const internal = 'internal';
const item3 = 'three';
export { foo } from './foo';
export { bar as baz } from './bar';
export * from './utils';
export * as helpers from './helpers';
export { item1, item2 };
