---
source: tests/snapshot_tests.rs
expression: output
---
// Decorator pattern
// FR2.3: Class-based dependency patterns

class BaseDecorator {
    constructor(protected component: any){}
}
// Static dependencies
class Config {
    static readonly DEFAULT_TIMEOUT = 5000;
}
// Base classes
class EventEmitter {
    emit(event: string) {}
}
class Logger {
    log(message: string) {}
}

export class ApiClient {
    timeout = Config.DEFAULT_TIMEOUT;
}
export class LoggingDecorator extends BaseDecorator {
    execute() {
        console.log('before');
        this.component.execute();
        console.log('after');
    }
}
// Export with multiple inheritance simulation
export class Service {
    private emitter = new EventEmitter();
    private logger = new Logger();

    doWork() {
        this.logger.log('working');
        this.emitter.emit('work');
    }
}
