---
source: tests/snapshot_tests.rs
expression: output
---
// FR2.3: Circular reference patterns
// Pattern 1: Mutual type references
type B = {
    a: A;
};
type A = {
    b: B;
};
export type Combined = A & B;
function helper2(): string {
    return 'result';
}
// Pattern 2: Function references
function helper1(): string {
    return helper2();
}
export function main() {
    return helper1();
}
// Pattern 3: Class with self-reference
class Node {
    next: Node | null = null;
}
export class LinkedList {
    head = new Node();
}
