---
source: tests/snapshot_tests.rs
expression: output
---
class EventEmitter {
    emit(event: string) {}
}
class Logger {
    log(message: string) {}
}
export class Service {
    private emitter = new EventEmitter();
    private logger = new Logger();
    doWork() {
        this.logger.log('working');
        this.emitter.emit('work');
    }
}
class BaseDecorator {
    constructor(protected component: any){}
}
export class LoggingDecorator extends BaseDecorator {
    execute() {
        console.log('before');
        this.component.execute();
        console.log('after');
    }
}
class Config {
    static readonly DEFAULT_TIMEOUT = 5000;
}
export class ApiClient {
    timeout = Config.DEFAULT_TIMEOUT;
}
