---
source: tests/snapshot_tests.rs
expression: output
---
// FR6.4: Comments on object properties should stay with properties after sorting

const config = {
    // Database config
    database: {
        host: 'db.local',
        name: 'myapp',
        // Server settings // PostgreSQL default
        port: 5432
    },
    enableCache: false, // Caching disabled in dev
    // Feature flags
    enableLogging: true,
    host: 'localhost',
    port: 3000
};
