---
source: tests/snapshot_tests.rs
expression: output
---
// FR2.3: Hoisting and temporal dead zone challenges
// Function hoisting - exported function uses hoisted function
class MyClass {
    value = 42;
}
const base = 10;
function computeValue() {
    return base * 2;
}
function helperFunction() {
    return 'helper';
}
// Mixed declarations
var hoistedVar = initialValue();
function initialValue() {
    return 100;
}
// Const temporal dead zone
export const earlyUse = computeValue();
export const exportedConst = hoistedVar;
// Class hoisting (not hoisted, should fail if reordered incorrectly)
export const instance = new MyClass();
export function publicApi() {
    return helperFunction();
}
