---
source: tests/snapshot_tests.rs
expression: output
---
// Object literal unions
// FR3.4: Type members should be sorted alphabetically

type Action = {
    type: 'LOAD';
    payload: string;
} | {
    type: 'ERROR';
    error: Error;
} | {
    type: 'SUCCESS';
    data: any;
} | {
    type: 'RESET';
};
// Intersection types should be sorted
type Combined = TypeA & TypeB & TypeM & TypeZ;
// Mixed type unions
type Mixed = boolean | string | {
    kind: 'object';
} | number[] | (() => void);
// Complex union types
type Primitive = bigint | boolean | null | number | string | symbol | undefined;
// Union types should be sorted
type Status = 'error' | 'loading' | 'pending' | 'success';
