---
source: tests/snapshot_tests.rs
expression: output
---
// FR6.1: Comments on imports should stay with their imports after sorting
import axios from 'axios'; // HTTP client
// External dependencies // UI library
import React from 'react';

import { api } from '@services/api';
// Absolute imports // Reusable button
import { Button } from '@ui/components';

// Relative imports // Utility functions
import { helper } from '../utils/helper';
import { config } from './config'; // Local configuration
