---
source: tests/snapshot_tests.rs
expression: output
---
// Main public API
// FR6.2: Comments on exports should stay with their exports after reordering

export function publicApi() {
    return 'public';
}

// Secondary export
export const secondaryApi = ()=>{
    return 'secondary';
};

// Another helper
const helper2 = ()=>'helper2';

// Non-exported helper
function internalHelper() {
    return 'internal';
}
