---
source: tests/snapshot_tests.rs
expression: output
---
// FR6.3: Comments on class members should stay with their members after reordering
/**
 * User service class
 */ export class UserService {
    // Static utility
    static validateId(id: number) {
        return id > 0;
    }
    // Private storage
    private users: User[] = [];
    // Constructor
    constructor(){
        this.loadUsers();
    }
    // Instance method
    getUser(id: number) {
        return this.users.find((u)=>u.id === id);
    }
    // Private helper
    private loadUsers() {
    // Implementation here
    }
}
