---
source: tests/snapshot_tests.rs
expression: output
---
// FR2.3: Computed property dependencies
// Base values for computed properties
class DataService {
    [methodName]() {
        return 'data';
    }
}
const PREFIX = 'api';
const VERSION = 'v1';
// Object with computed properties
const endpoints = {
    [`${PREFIX}_${VERSION}_users`]: '/users',
    [`${PREFIX}_${VERSION}_posts`]: '/posts'
};
// Computed method names
const methodName = 'getData';
const obj = {
    [privateKey]: 'secret',
    public: 'visible'
};
// Symbol-based properties
const privateKey = Symbol('private');
export const apiEndpoints = endpoints;
export function getPrivate() {
    return obj[privateKey];
}
export const service = new DataService();
