---
source: tests/snapshot_tests.rs
expression: output
---
// FR6.3: Comments on class members should stay with their members after reordering

/*
*
 * User service class
 
*/
export class UserService {
    static validateId(id: number) {
        return id > 0;
    }

    private users: User[] = [];

    constructor(){
        this.loadUsers();
    }

    getUser(id: number) {
        return this.users.find((u)=>u.id === id);
    }

    private loadUsers() {}
}
