---
source: tests/snapshot_tests.rs
expression: output
---
// FR3.1: Function arguments should be sorted when destructured
// Positional parameters should NOT be sorted
function add(b: number, a: number) {
    return a + b;
}

// Arrow function with destructured params
const handleConfig = ({ baseURL, headers, retries, timeout }: Config)=>{
    console.log(baseURL, headers, retries, timeout);
};

// Mixed parameters - only destructured should be sorted
function mixedParams(first: number, { apple, zebra }: Options, last: string) {
    return `${first} ${apple} ${zebra} ${last}`;
}
// Object destructuring parameters should be sorted
function processOptions({ apple, banana, zebra }: Options) {
    return {
        apple,
        banana,
        zebra
    };
}
// Nested destructuring
function processUser({ settings: { language, theme }, user: { age, id, name } }: UserData) {
    return {
        age,
        id,
        language,
        name,
        theme
    };
}
